0 verbose cli C:\Program Files\nodejs\node.exe C:\Users\ma139\AppData\Roaming\npm\node_modules\npm\bin\npm-cli.js
1 info using npm@11.7.0
2 info using node@v24.10.0
3 silly config load:file:C:\Users\ma139\AppData\Roaming\npm\node_modules\npm\npmrc
4 silly config load:file:D:\workprj\aicoder\DiWorker\frontend\.npmrc
5 silly config load:file:C:\Users\ma139\.npmrc
6 silly config load:file:D:\workprj\aicoder\DiWorker\frontend\etc\npmrc
7 verbose title npm install
8 verbose argv "install" "--prefix" "frontend" "--cache" "frontend/.npm_cache"
9 verbose logfile logs-max:10 dir:D:\workprj\aicoder\DiWorker\frontend\.npm_cache\_logs\2026-04-08T07_32_09_161Z-
10 verbose logfile D:\workprj\aicoder\DiWorker\frontend\.npm_cache\_logs\2026-04-08T07_32_09_161Z-debug-0.log
11 silly logfile done cleaning log files
12 silly packumentCache heap:4496293888 maxSize:1124073472 maxEntrySize:562036736
13 silly idealTree buildDeps
14 silly reify moves {}
15 silly audit bulk request {
15 silly audit   '@asamuzakjp/css-color': [ '3.2.0' ],
15 silly audit   'lru-cache': [ '10.4.3', '5.1.1' ],
15 silly audit   '@babel/code-frame': [ '7.29.0' ],
15 silly audit   '@babel/compat-data': [ '7.29.0' ],
15 silly audit   '@babel/core': [ '7.29.0' ],
15 silly audit   '@babel/generator': [ '7.29.1' ],
15 silly audit   '@babel/helper-compilation-targets': [ '7.28.6' ],
15 silly audit   '@babel/helper-globals': [ '7.28.0' ],
15 silly audit   '@babel/helper-module-imports': [ '7.28.6' ],
15 silly audit   '@babel/helper-module-transforms': [ '7.28.6' ],
15 silly audit   '@babel/helper-plugin-utils': [ '7.28.6' ],
15 silly audit   '@babel/helper-string-parser': [ '7.27.1' ],
15 silly audit   '@babel/helper-validator-identifier': [ '7.28.5' ],
15 silly audit   '@babel/helper-validator-option': [ '7.27.1' ],
15 silly audit   '@babel/helpers': [ '7.29.2' ],
15 silly audit   '@babel/parser': [ '7.29.2' ],
15 silly audit   '@babel/plugin-transform-react-jsx-self': [ '7.27.1' ],
15 silly audit   '@babel/plugin-transform-react-jsx-source': [ '7.27.1' ],
15 silly audit   '@babel/runtime': [ '7.29.2' ],
15 silly audit   '@babel/template': [ '7.28.6' ],
15 silly audit   '@babel/traverse': [ '7.29.0' ],
15 silly audit   '@babel/types': [ '7.29.0' ],
15 silly audit   '@csstools/color-helpers': [ '5.1.0' ],
15 silly audit   '@csstools/css-calc': [ '2.1.4' ],
15 silly audit   '@csstools/css-color-parser': [ '3.1.0' ],
15 silly audit   '@csstools/css-parser-algorithms': [ '3.0.5' ],
15 silly audit   '@csstools/css-tokenizer': [ '3.0.4' ],
15 silly audit   '@esbuild/aix-ppc64': [ '0.25.12', '0.21.5' ],
15 silly audit   '@esbuild/android-arm': [ '0.25.12', '0.21.5' ],
15 silly audit   '@esbuild/android-arm64': [ '0.25.12', '0.21.5' ],
15 silly audit   '@esbuild/android-x64': [ '0.25.12', '0.21.5' ],
15 silly audit   '@esbuild/darwin-arm64': [ '0.25.12', '0.21.5' ],
15 silly audit   '@esbuild/darwin-x64': [ '0.25.12', '0.21.5' ],
15 silly audit   '@esbuild/freebsd-arm64': [ '0.25.12', '0.21.5' ],
15 silly audit   '@esbuild/freebsd-x64': [ '0.25.12', '0.21.5' ],
15 silly audit   '@esbuild/linux-arm': [ '0.25.12', '0.21.5' ],
15 silly audit   '@esbuild/linux-arm64': [ '0.25.12', '0.21.5' ],
15 silly audit   '@esbuild/linux-ia32': [ '0.25.12', '0.21.5' ],
15 silly audit   '@esbuild/linux-loong64': [ '0.25.12', '0.21.5' ],
15 silly audit   '@esbuild/linux-mips64el': [ '0.25.12', '0.21.5' ],
15 silly audit   '@esbuild/linux-ppc64': [ '0.25.12', '0.21.5' ],
15 silly audit   '@esbuild/linux-riscv64': [ '0.25.12', '0.21.5' ],
15 silly audit   '@esbuild/linux-s390x': [ '0.25.12', '0.21.5' ],
15 silly audit   '@esbuild/linux-x64': [ '0.25.12', '0.21.5' ],
15 silly audit   '@esbuild/netbsd-arm64': [ '0.25.12' ],
15 silly audit   '@esbuild/netbsd-x64': [ '0.25.12', '0.21.5' ],
15 silly audit   '@esbuild/openbsd-arm64': [ '0.25.12' ],
15 silly audit   '@esbuild/openbsd-x64': [ '0.25.12', '0.21.5' ],
15 silly audit   '@esbuild/openharmony-arm64': [ '0.25.12' ],
15 silly audit   '@esbuild/sunos-x64': [ '0.25.12', '0.21.5' ],
15 silly audit   '@esbuild/win32-arm64': [ '0.25.12', '0.21.5' ],
15 silly audit   '@esbuild/win32-ia32': [ '0.25.12', '0.21.5' ],
15 silly audit   '@esbuild/win32-x64': [ '0.25.12', '0.21.5' ],
15 silly audit   '@jridgewell/gen-mapping': [ '0.3.13' ],
15 silly audit   '@jridgewell/remapping': [ '2.3.5' ],
15 silly audit   '@jridgewell/resolve-uri': [ '3.1.2' ],
15 silly audit   '@jridgewell/sourcemap-codec': [ '1.5.5' ],
15 silly audit   '@jridgewell/trace-mapping': [ '0.3.31' ],
15 silly audit   '@rolldown/pluginutils': [ '1.0.0-beta.27' ],
15 silly audit   '@rollup/rollup-android-arm-eabi': [ '4.60.1' ],
15 silly audit   '@rollup/rollup-android-arm64': [ '4.60.1' ],
15 silly audit   '@rollup/rollup-darwin-arm64': [ '4.60.1' ],
15 silly audit   '@rollup/rollup-darwin-x64': [ '4.60.1' ],
15 silly audit   '@rollup/rollup-freebsd-arm64': [ '4.60.1' ],
15 silly audit   '@rollup/rollup-freebsd-x64': [ '4.60.1' ],
15 silly audit   '@rollup/rollup-linux-arm-gnueabihf': [ '4.60.1' ],
15 silly audit   '@rollup/rollup-linux-arm-musleabihf': [ '4.60.1' ],
15 silly audit   '@rollup/rollup-linux-arm64-gnu': [ '4.60.1' ],
15 silly audit   '@rollup/rollup-linux-arm64-musl': [ '4.60.1' ],
15 silly audit   '@rollup/rollup-linux-loong64-gnu': [ '4.60.1' ],
15 silly audit   '@rollup/rollup-linux-loong64-musl': [ '4.60.1' ],
15 silly audit   '@rollup/rollup-linux-ppc64-gnu': [ '4.60.1' ],
15 silly audit   '@rollup/rollup-linux-ppc64-musl': [ '4.60.1' ],
15 silly audit   '@rollup/rollup-linux-riscv64-gnu': [ '4.60.1' ],
15 silly audit   '@rollup/rollup-linux-riscv64-musl': [ '4.60.1' ],
15 silly audit   '@rollup/rollup-linux-s390x-gnu': [ '4.60.1' ],
15 silly audit   '@rollup/rollup-linux-x64-gnu': [ '4.60.1' ],
15 silly audit   '@rollup/rollup-linux-x64-musl': [ '4.60.1' ],
15 silly audit   '@rollup/rollup-openbsd-x64': [ '4.60.1' ],
15 silly audit   '@rollup/rollup-openharmony-arm64': [ '4.60.1' ],
15 silly audit   '@rollup/rollup-win32-arm64-msvc': [ '4.60.1' ],
15 silly audit   '@rollup/rollup-win32-ia32-msvc': [ '4.60.1' ],
15 silly audit   '@rollup/rollup-win32-x64-gnu': [ '4.60.1' ],
15 silly audit   '@rollup/rollup-win32-x64-msvc': [ '4.60.1' ],
15 silly audit   '@testing-library/dom': [ '10.4.1' ],
15 silly audit   '@testing-library/react': [ '16.3.2' ],
15 silly audit   '@types/aria-query': [ '5.0.4' ],
15 silly audit   '@types/babel__core': [ '7.20.5' ],
15 silly audit   '@types/babel__generator': [ '7.27.0' ],
15 silly audit   '@types/babel__template': [ '7.4.4' ],
15 silly audit   '@types/babel__traverse': [ '7.28.0' ],
15 silly audit   '@types/estree': [ '1.0.8' ],
15 silly audit   '@types/prop-types': [ '15.7.15' ],
15 silly audit   '@types/react': [ '18.3.28' ],
15 silly audit   '@types/react-dom': [ '18.3.7' ],
15 silly audit   '@vitejs/plugin-react': [ '4.7.0' ],
15 silly audit   '@vitest/expect': [ '2.1.9' ],
15 silly audit   '@vitest/pretty-format': [ '2.1.9' ],
15 silly audit   '@vitest/runner': [ '2.1.9' ],
15 silly audit   '@vitest/snapshot': [ '2.1.9' ],
15 silly audit   '@vitest/spy': [ '2.1.9' ],
15 silly audit   '@vitest/utils': [ '2.1.9' ],
15 silly audit   'agent-base': [ '7.1.4' ],
15 silly audit   'ansi-regex': [ '5.0.1' ],
15 silly audit   'ansi-styles': [ '5.2.0' ],
15 silly audit   'aria-query': [ '5.3.0' ],
15 silly audit   'assertion-error': [ '2.0.1' ],
15 silly audit   'baseline-browser-mapping': [ '2.10.16' ],
15 silly audit   browserslist: [ '4.28.2' ],
15 silly audit   cac: [ '6.7.14' ],
15 silly audit   'caniuse-lite': [ '1.0.30001786' ],
15 silly audit   chai: [ '5.3.3' ],
15 silly audit   'check-error': [ '2.1.3' ],
15 silly audit   'convert-source-map': [ '2.0.0' ],
15 silly audit   cssstyle: [ '4.6.0' ],
15 silly audit   csstype: [ '3.2.3' ],
15 silly audit   'data-urls': [ '5.0.0' ],
15 silly audit   debug: [ '4.4.3' ],
15 silly audit   'decimal.js': [ '10.6.0' ],
15 silly audit   'deep-eql': [ '5.0.2' ],
15 silly audit   dequal: [ '2.0.3' ],
15 silly audit   'dom-accessibility-api': [ '0.5.16' ],
15 silly audit   'electron-to-chromium': [ '1.5.331' ],
15 silly audit   entities: [ '6.0.1' ],
15 silly audit   'es-module-lexer': [ '1.7.0' ],
15 silly audit   esbuild: [ '0.25.12', '0.21.5' ],
15 silly audit   escalade: [ '3.2.0' ],
15 silly audit   'estree-walker': [ '3.0.3' ],
15 silly audit   'expect-type': [ '1.3.0' ],
15 silly audit   fdir: [ '6.5.0' ],
15 silly audit   fsevents: [ '2.3.3' ],
15 silly audit   gensync: [ '1.0.0-beta.2' ],
15 silly audit   'html-encoding-sniffer': [ '4.0.0' ],
15 silly audit   'http-proxy-agent': [ '7.0.2' ],
15 silly audit   'https-proxy-agent': [ '7.0.6' ],
15 silly audit   'iconv-lite': [ '0.6.3' ],
15 silly audit   'is-potential-custom-element-name': [ '1.0.1' ],
15 silly audit   'js-tokens': [ '4.0.0' ],
15 silly audit   jsdom: [ '26.1.0' ],
15 silly audit   jsesc: [ '3.1.0' ],
15 silly audit   json5: [ '2.2.3' ],
15 silly audit   'loose-envify': [ '1.4.0' ],
15 silly audit   loupe: [ '3.2.1' ],
15 silly audit   'lz-string': [ '1.5.0' ],
15 silly audit   'magic-string': [ '0.30.21' ],
15 silly audit   ms: [ '2.1.3' ],
15 silly audit   nanoid: [ '3.3.11' ],
15 silly audit   'node-releases': [ '2.0.37' ],
15 silly audit   nwsapi: [ '2.2.23' ],
15 silly audit   parse5: [ '7.3.0' ],
15 silly audit   pathe: [ '1.1.2' ],
15 silly audit   pathval: [ '2.0.1' ],
15 silly audit   picocolors: [ '1.1.1' ],
15 silly audit   picomatch: [ '4.0.4' ],
15 silly audit   postcss: [ '8.5.8' ],
15 silly audit   'pretty-format': [ '27.5.1' ],
15 silly audit   punycode: [ '2.3.1' ],
15 silly audit   react: [ '18.3.1' ],
15 silly audit   'react-dom': [ '18.3.1' ],
15 silly audit   'react-is': [ '17.0.2' ],
15 silly audit   'react-refresh': [ '0.17.0' ],
15 silly audit   rollup: [ '4.60.1' ],
15 silly audit   'rrweb-cssom': [ '0.8.0' ],
15 silly audit   'safer-buffer': [ '2.1.2' ],
15 silly audit   saxes: [ '6.0.0' ],
15 silly audit   scheduler: [ '0.23.2' ],
15 silly audit   semver: [ '6.3.1' ],
15 silly audit   siginfo: [ '2.0.0' ],
15 silly audit   'source-map-js': [ '1.2.1' ],
15 silly audit   stackback: [ '0.0.2' ],
15 silly audit   'std-env': [ '3.10.0' ],
15 silly audit   'symbol-tree': [ '3.2.4' ],
15 silly audit   tinybench: [ '2.9.0' ],
15 silly audit   tinyexec: [ '0.3.2' ],
15 silly audit   tinyglobby: [ '0.2.15' ],
15 silly audit   tinypool: [ '1.1.1' ],
15 silly audit   tinyrainbow: [ '1.2.0' ],
15 silly audit   tinyspy: [ '3.0.2' ],
15 silly audit   tldts: [ '6.1.86' ],
15 silly audit   'tldts-core': [ '6.1.86' ],
15 silly audit   'tough-cookie': [ '5.1.2' ],
15 silly audit   tr46: [ '5.1.1' ],
15 silly audit   typescript: [ '5.7.3' ],
15 silly audit   'update-browserslist-db': [ '1.2.3' ],
15 silly audit   vite: [ '6.4.2', '5.4.21' ],
15 silly audit   'vite-node': [ '2.1.9' ],
15 silly audit   vitest: [ '2.1.9' ],
15 silly audit   '@vitest/mocker': [ '2.1.9' ],
15 silly audit   'w3c-xmlserializer': [ '5.0.0' ],
15 silly audit   'webidl-conversions': [ '7.0.0' ],
15 silly audit   'whatwg-encoding': [ '3.1.1' ],
15 silly audit   'whatwg-mimetype': [ '4.0.0' ],
15 silly audit   'whatwg-url': [ '14.2.0' ],
15 silly audit   'why-is-node-running': [ '2.3.0' ],
15 silly audit   ws: [ '8.20.0' ],
15 silly audit   'xml-name-validator': [ '5.0.0' ],
15 silly audit   xmlchars: [ '2.2.0' ],
15 silly audit   yallist: [ '3.1.1' ]
15 silly audit }
16 http fetch POST 200 https://registry.npmjs.org/-/npm/v1/security/advisories/bulk 1156ms
17 silly audit report {
17 silly audit report   esbuild: [
17 silly audit report     {
17 silly audit report       id: 1102341,
17 silly audit report       url: 'https://github.com/advisories/GHSA-67mh-4wv8-2f99',
17 silly audit report       title: 'esbuild enables any website to send any requests to the development server and read the response',
17 silly audit report       severity: 'moderate',
17 silly audit report       vulnerable_versions: '<=0.24.2',
17 silly audit report       cwe: [Array],
17 silly audit report       cvss: [Object]
17 silly audit report     }
17 silly audit report   ],
17 silly audit report   vite: [
17 silly audit report     {
17 silly audit report       id: 1116229,
17 silly audit report       url: 'https://github.com/advisories/GHSA-4w7w-66w2-5vf9',
17 silly audit report       title: 'Vite Vulnerable to Path Traversal in Optimized Deps `.map` Handling',
17 silly audit report       severity: 'moderate',
17 silly audit report       vulnerable_versions: '<=6.4.1',
17 silly audit report       cwe: [Array],
17 silly audit report       cvss: [Object]
17 silly audit report     }
17 silly audit report   ]
17 silly audit report }
18 silly packumentCache corgi:https://registry.npmjs.org/esbuild cache-miss
19 silly packumentCache corgi:https://registry.npmjs.org/vite cache-miss
20 http fetch GET 200 https://registry.npmjs.org/esbuild 235ms (cache revalidated)
21 silly packumentCache corgi:https://registry.npmjs.org/esbuild set size:885757 disposed:false
22 http fetch GET 200 https://registry.npmjs.org/vite 835ms (cache revalidated)
23 silly packumentCache corgi:https://registry.npmjs.org/vite set size:2226079 disposed:false
24 silly packumentCache corgi:https://registry.npmjs.org/vite-node cache-miss
25 silly packumentCache corgi:https://registry.npmjs.org/vitest cache-miss
26 silly packumentCache corgi:https://registry.npmjs.org/@vitest%2fmocker cache-miss
27 http fetch GET 200 https://registry.npmjs.org/vite-node 282ms (cache revalidated)
28 silly packumentCache corgi:https://registry.npmjs.org/vite-node set size:453359 disposed:false
29 http fetch GET 200 https://registry.npmjs.org/@vitest%2fmocker 293ms (cache revalidated)
30 silly packumentCache corgi:https://registry.npmjs.org/@vitest%2fmocker set size:102739 disposed:false
31 http fetch GET 200 https://registry.npmjs.org/vitest 907ms (cache revalidated)
32 silly packumentCache corgi:https://registry.npmjs.org/vitest set size:1215795 disposed:false
33 verbose cwd D:\workprj\aicoder\DiWorker
34 verbose os Windows_NT 10.0.26200
35 verbose node v24.10.0
36 verbose npm  v11.7.0
37 verbose exit 0
38 info ok
